#-----------------------------------------------------------
# Vivado v2025.2 (64-bit)
# SW Build 6299465 on Fri Nov 14 12:34:56 MST 2025
# IP Build 6300035 on Fri Nov 14 10:48:45 MST 2025
# SharedData Build 6298862 on Thu Nov 13 04:50:51 MST 2025
# Start of session at: Mon May 11 17:11:05 2026
# Process ID         : 10522
# Current directory  : /home/chamath-ishanka/Desktop/FNL Project KB/FYPRepo/Atlas
# Command line       : vivado
# Log file           : /home/chamath-ishanka/Desktop/FNL Project KB/FYPRepo/Atlas/vivado.log
# Journal file       : /home/chamath-ishanka/Desktop/FNL Project KB/FYPRepo/Atlas/vivado.jou
# Running On         : chamath-ishanka-ASUS-TUF-Gaming-F15-FX506HCB-FX506HCB
# Platform           : Ubuntu
# Operating System   : Ubuntu 24.04.4 LTS
# Processor Detail   : 11th Gen Intel(R) Core(TM) i5-11400H @ 2.70GHz
# CPU Frequency      : 999.164 MHz
# CPU Physical cores : 6
# CPU Logical cores  : 12
# Host memory        : 16476 MB
# Swap memory        : 4294 MB
# Total Virtual      : 20771 MB
# Available Virtual  : 17169 MB
#-----------------------------------------------------------
start_gui
open_project {/home/chamath-ishanka/Desktop/FNL Project KB/FYPRepo/Atlas/vivado_project/stream_processing_final.xpr}
update_compile_order -fileset sim_1
update_compile_order -fileset sources_1
# Disabling source management mode.  This is to allow the top design properties to be set without GUI intervention.
set_property source_mgmt_mode None [current_project]
set_property top mac_stage [get_filesets sim_1]
set_property top_lib xil_defaultlib [get_filesets sim_1]
set_property top_file {/home/chamath-ishanka/Desktop/FNL Project KB/FYPRepo/Atlas/rtl/mac_stage.v} [get_filesets sim_1]
# Re-enabling previously disabled source management mode.
set_property source_mgmt_mode All [current_project]
update_compile_order -fileset sim_1
launch_simulation
source mac_stage.tcl
close_sim
launch_simulation
source mac_stage.tcl
close_sim
launch_simulation
source mac_stage.tcl
# Disabling source management mode.  This is to allow the top design properties to be set without GUI intervention.
set_property source_mgmt_mode None [current_project]
set_property top tb_mac_stage [get_filesets sim_1]
set_property top_lib xil_defaultlib [get_filesets sim_1]
# Re-enabling previously disabled source management mode.
set_property source_mgmt_mode All [current_project]
update_compile_order -fileset sim_1
launch_simulation
source tb_mac_stage.tcl
close_sim
launch_simulation
source tb_mac_stage.tcl
close_sim
launch_simulation
source tb_mac_stage.tcl
