#-----------------------------------------------------------
# Vivado v2025.2 (64-bit)
# SW Build 6299465 on Fri Nov 14 12:34:56 MST 2025
# IP Build 6300035 on Fri Nov 14 10:48:45 MST 2025
# SharedData Build 6298862 on Thu Nov 13 04:50:51 MST 2025
# Start of session at: Wed Apr 29 09:56:58 2026
# Process ID         : 8130
# Current directory  : /home/himash-ruwanga/Downloads/Atlas-main
# Command line       : vivado vivado_project/stream_processing_final.xpr
# Log file           : /home/himash-ruwanga/Downloads/Atlas-main/vivado.log
# Journal file       : /home/himash-ruwanga/Downloads/Atlas-main/vivado.jou
# Running On         : himash-ruwanga-GF63-Thin-10SCSR
# Platform           : Ubuntu
# Operating System   : Ubuntu 24.04.3 LTS
# Processor Detail   : Intel(R) Core(TM) i5-10500H CPU @ 2.50GHz
# CPU Frequency      : 4202.177 MHz
# CPU Physical cores : 6
# CPU Logical cores  : 12
# Host memory        : 16580 MB
# Swap memory        : 4294 MB
# Total Virtual      : 20875 MB
# Available Virtual  : 16660 MB
#-----------------------------------------------------------
start_gui
open_project vivado_project/stream_processing_final.xpr
launch_simulation
